// Jest Snapshot v1, https://goo.gl/fbAQLP

exports[`NodeSquare component should render snapshot 1`] = `
<div
  className="node-square"
>
  <div
    className="node-square-header"
  >
    <h2
      className="node-square-title"
    >
      Node 01
    </h2>
     
    <span
      className="node-square-isactive node-square-active"
    >
      ONLINE
      <img
        alt=""
        className="node-square-arrow false"
        onClick={[Function]}
        src="test-file-stub"
      />
    </span>
  </div>
  <span
    className="node-square-url"
  >
    noseque.herokuapp.com/1237asj
  </span>
</div>
`;
